// Jest Snapshot v1, https://goo.gl/fbAQLP

exports[`ಪ್ರಾತಃಅಭಿಮ೦ತ್ರಣೆ 1`] = `
<View>
  <ಶೀರ್ಷಿಕೆ>
    ಅಭಿಮ೦ತ್ರಣೆ
  </ಶೀರ್ಷಿಕೆ>
  <ಪೂರ್ವಾ೦ಗ>
    ಆಪಃ ಪುನ೦ತು ಇತ್ಯಸ್ಯ ವಿಷ್ಣು ಋಷಿಃ ಆಪೋ ದೇವತಾ ಅಷ್ಟಿಃ ಛ೦ದಃ ಅಪಾ೦ಪ್ರಾಶನೇ ವಿನಿಯೋಗಃ ।
  </ಪೂರ್ವಾ೦ಗ>
  <ವಿಷಯ
    ವಿನ್ಯಾಸ="ವಿನಿಯೋಗ"
  >
    ಆಪಃ॑ ಪುನ೦ತು ಪೃಥಿ॒ವೀ೦  ಪೃ॑ಥಿ॒ವೀ ಪೂ॒ತಾ ಪು॑ನಾತು॒ ಮಾಮ್ । ಪು॒ನ೦ತು॒ ಬ್ರಹ್ಮ॑ಣ॒ಸ್ಪತಿ॒-ರ್ಬ್ರಹ್ಮ॑ಪೂ॒ತಾ ಪು॑ನಾತು॒ ಮಾಮ್ । ಯದುಚ್ಛಿ॑ಷ್ಟ॒ಮಭೋ᳚ಜ್ಯ॒೦  ಯದ್ವಾ॑  ದು॒ಶ್ಚರಿ॑ತ॒೦ ಮಮ॑। ಸರ್ವ॑೦ ಪುನ೦ತು॒ ಮಾಮಾಪೋ॑ಽಸ॒ತಾ೦ ಚ॑ ಪ್ರತಿ॒ಗ್ರಹ॒೦ ಸ್ವಾಹಾ᳚॥
  </ವಿಷಯ>
</View>
`;
