// Jest Snapshot v1, https://goo.gl/fbAQLP

exports[`ಮಾರ್ಜನೆಸ೦ಕಲ್ಪ 1`] = `
<View>
  <Text
    accessible={true}
    allowFontScaling={true}
    disabled={false}
    ellipsizeMode="tail"
    style={
      Object {
        "color": "#3bdde5",
        "fontFamily": "Ganapati",
        "fontSize": 19,
        "lineHeight": 50,
        "marginLeft": 12,
        "textAlign": "justify",
      }
    }
  >
    ಮಾರ್ಜನೆ
  </Text>
  <Text
    accessible={true}
    allowFontScaling={true}
    disabled={false}
    ellipsizeMode="tail"
    style={
      Object {
        "color": "#6695e2",
        "fontFamily": "Ganapati",
        "fontSize": 18,
        "lineHeight": 50,
        "marginLeft": 12,
        "textAlign": "justify",
      }
    }
  >
    ಆಪೋಹಿಷ್ಠೇತಿ ತ್ರಿಚರ್ಚಸ್ಯ ಸೂಕ್ತಸ್ಯ, ಅ೦ಬರೀಶಃ ಸಿ೦ಧು ದ್ವೀಪ ಋಷಿಃ, ಆಪೋ ದೇವತಾ, ಗಾಯತ್ರೀ ಛ೦ದಃ ಮಾರ್ಜನೇ ವಿನಿಯೋಗಃ ॥
  </Text>
</View>
`;
