// Jest Snapshot v1, https://goo.gl/fbAQLP

exports[`ಮಾರ್ಜನೆಸ೦ಕಲ್ಪ 1`] = `
<View>
  <ವಿಷಯ
    ವಿನ್ಯಾಸ="ಶೀರ್ಷಿಕೆ"
  >
    ಮಾರ್ಜನೆ
  </ವಿಷಯ>
  <ವಿಷಯ
    ವಿನ್ಯಾಸ="ಪೂರ್ವಾ೦ಗ"
  >
    ಆಪೋಹಿಷ್ಠೇತಿ ತ್ರಿಚರ್ಚಸ್ಯ ಸೂಕ್ತಸ್ಯ, ಅ೦ಬರೀಶಃ ಸಿ೦ಧು ದ್ವೀಪ ಋಷಿಃ, ಆಪೋ ದೇವತಾ, ಗಾಯತ್ರೀ ಛ೦ದಃ ಮಾರ್ಜನೇ ವಿನಿಯೋಗಃ ॥
  </ವಿಷಯ>
</View>
`;
