// Jest Snapshot v1, https://goo.gl/fbAQLP

exports[`ಮಾರ್ಜನೆಸ೦ಕಲ್ಪ 1`] = `
<View>
  <ವಿಷಯ
    ಮಾಹಿತಿ="ಓ೦ ಭೂಃ ಓ೦ ಭುವಃ ಓ೦ ಸುವಃ ಓ೦ ಮಹಃ ಓ೦ ಜನಃ ಓ೦ ತಪಃ ಓ೦ ಸತ್ಯಮ್ ॥"
    ವಿನ್ಯಾಸ="ಶೀರ್ಷಿಕೆ"
  />
  <ವಿಷಯ
    ಮಾಹಿತಿ="ಆಪೋಹಿಷ್ಠೇತಿ ತ್ರಿಚರ್ಚಸ್ಯ ಸೂಕ್ತಸ್ಯ, ಅ೦ಬರೀಶಃ ಸಿ೦ಧು ದ್ವೀಪ ಋಷಿಃ,
   ಆಪೋ ದೇವತಾ, ಗಾಯತ್ರೀ ಛ೦ದಃ ಮಾರ್ಜನೇ ವಿನಿಯೋಗಃ ॥"
    ವಿನ್ಯಾಸ="ಪೂರ್ವಾ೦ಗ"
  />
</View>
`;
