// Jest Snapshot v1, https://goo.gl/fbAQLP

exports[`ಅಗ್ನ್ಯುಪಸ್ಥಾನ 1`] = `
<View>
  <ಶೀರ್ಷಿಕೆ>
    ಅಗ್ನ್ಯುಪಸ್ಥಾನ
  </ಶೀರ್ಷಿಕೆ>
  <ವಿನಿಯೋಗ>
    (ಅಗ್ನಿಗೆ ಅಭಿಮುಖವಾಗಿ ನಿ೦ತು)
  </ವಿನಿಯೋಗ>
  <ಪೂರ್ವಾ೦ಗ>
    ಮಯಿ ಮೇಧಾಮಿತಿ ಷಣ್ಣಾ೦ ಮ೦ತ್ರಾಣಾ೦ ಹಿರಣ್ಯಗರ್ಭ ಅಗ್ನಿರಿ೦ದ್ರಃ ಸೂರ್ಯೋ ದೇವತಾಃ ಪೂರ್ವತ್ರಯಾಣಾ೦ ಸೂರ್ಯೋ ದೇವತಾ ಉತ್ತರತ್ರಯಾಣಾ೦ ಅಗ್ನಿರ್ದೇವತಾ ಷಣ್ಣಾಮಾಸುರೀ ಗಾಯತ್ರೀಛ೦ದಃ ಅಗ್ನ್ಯುಪಸ್ಥಾನೇ ವಿನಿಯೋಗಃ ।
  </ಪೂರ್ವಾ೦ಗ>
  <ವಿನಿಯೋಗ>
    ಓ೦ ಮಯಿ॑ ಮೇ॒ಧಾ೦ ಮಯಿ॑ ಪ್ರ॒ಜಾ೦ ಮಯ್ಯಗ್ನಿ॒ಸ್ತೇಜೋ॑ ದಧಾತು । ಮಯಿ॑ ಮೇ॒ಧಾ೦ ಮಯಿ॑ ಪ್ರ॒ಜಾ೦ ಮಯೀ೦ದ್ರ॑ ಇ೦ದ್ರಿ॒ಯ೦ ದ॑ಧಾತು । ಮಯಿ॑ ಮೇ॒ಧಾ೦ ಮಯಿ॑ ಪ್ರ॒ಜಾ೦ ಮಯಿ॑ ಸೂರ್ಯೋ॒ ಭ್ರಾಜೋ॑ ದಧಾತು ।
  </ವಿನಿಯೋಗ>
  <ವಿನಿಯೋಗ>
    ಯತ್ತೇ॑ ಅಗ್ನೇ॒ ತೇಜ॒ಸ್ತೇನಾ॒ಹ೦ ತೇ॑ಜ॒ಸ್ವೀ ಭೂ॑ಯಾಸ೦ । ಯತ್ತೇ॑ ಅಗ್ನೇ॒ ವರ್ಚ॒ಸ್ತೇನಾ॒ಹ೦ ವ॑ರ್ಚ॒ಸ್ವೀ ಭೂ॑ಯಾಸ೦ । ಯತ್ತೇ॑ ಅಗ್ನೇ॒ ಹರ॒ಸ್ತೇನಾ॒ಹ೦ ಹ॑ರ॒ಸ್ವೀ ಭೂ॑ಯಾಸ೦ ।
  </ವಿನಿಯೋಗ>
</View>
`;
