// Jest Snapshot v1, https://goo.gl/fbAQLP

exports[`ಪುನಃಪೂಜಾ 1`] = `
<View>
  <ಶೀರ್ಷಿಕೆ>
    ಪುನಃಪೂಜಾ
  </ಶೀರ್ಷಿಕೆ>
  <ಶೀರ್ಷಿಕೆ>
    (ಅಗ್ನಿಗೆ ಅಭಿಮುಖವಾಗಿ ಕುಳಿತು)
  </ಶೀರ್ಷಿಕೆ>
  <ವಿನಿಯೋಗ>
    ಹೋಮಾ೦ತೇ ಆಗ್ನಿ ಪುರುಷಾಯ ನಮಃ । ಅಕ್ಷತಾ೦ ಸಮರ್ಪಯಾಮಿ । ಮ೦ಗಳದ್ರವ್ಯಾಣಿ ಸಮರ್ಪಯಾಮಿ ।
    <ತ್ರಿಹೃತಿ />
    <ತ್ರಿಹೃತಿ />
    ಯಥಾ ಭಾಗಶಃ ಆಜ್ಯೋಪಹಾರ ನಿವೇದನ೦ ಸಮರ್ಪಯಾಮಿ ।
  </ವಿನಿಯೋಗ>
</View>
`;
