// Jest Snapshot v1, https://goo.gl/fbAQLP

exports[`ಆಚಮನೀಯ 1`] = `
<View>
  <Text
    accessible={true}
    allowFontScaling={true}
    disabled={false}
    ellipsizeMode="tail"
    style={
      Object {
        "color": "#3bdde5",
        "fontFamily": "Ganapati",
        "fontSize": 17,
        "marginLeft": 12,
        "textAlign": "justify",
      }
    }
  >
    ಆಚಮನೀಯ
  </Text>
  <Text
    accessible={true}
    allowFontScaling={true}
    disabled={false}
    ellipsizeMode="tail"
    style={
      Object {
        "color": "#ffffff",
        "fontFamily": "Ganapati",
        "fontSize": 16,
        "lineHeight": 50,
        "marginLeft": 12,
        "textAlign": "justify",
      }
    }
  >
    ಕೇಶವಾಯ ಸ್ವಾಹಾ । ನಾರಾಯಣಾಯ ಸ್ವಾಹಾ ।ಮಾಧವಾಯ ಸ್ವಾಹಾ । ಗೋವಿ೦ದಾಯ ನಮಃ ॥ ವಿಷ್ಣವೇ ನಮಃ । ಮಧುಸೂದನಾಯ ನಮಃ । ತ್ರಿವಿಕ್ರಮಾಯ ನಮಃ । ವಾಮನಾಯ ನಮಃ ।ಶ್ರೀಧರಾಯ ನಮಃ । ಹೃಷೀಕೇಶಾಯ ನಮಃ । ಪದ್ಮನಾಭಾಯ ನಮಃ । ದಾಮೋದರಾಯ ನಮಃ । ಸ೦ಕರ್ಷಣಾಯ ನಮಃ। ವಾಸುದೇವಾಯ ನಮಃ । ಪ್ರದ್ಯುಮ್ನಾಯ ನಮಃ । ಅನಿರುದ್ಧಾಯ ನಮಃ । ಪುರುಷೋತ್ತಮಾಯ ನಮಃ । ಅಧೋಕ್ಷಜಾಯ ನಮಃ । ನಾರಸಿ೦ಹಾಯ ನಮಃ । ಅಚ್ಯುತಾಯ ನಮಃ । ಜನಾರ್ದನಾಯ ನಮಃ । ಉಪೇ೦ದ್ರಾಯ ನಮಃ । ಹರಯೇ ನಮಃ । ಶ್ರೀ ಕೃಷ್ಣಾಯ ನಮಃ ॥
  </Text>
</View>
`;
