// Jest Snapshot v1, https://goo.gl/fbAQLP

exports[`ಪ್ರಾತಃಸ೦ಧ್ಯಾಸ೦ಕಲ್ಪ 1`] = `
<View>
  <ಸ೦ಕಲ್ಪಶೀರ್ಷಿಕೆ />
  <ಸ೦ಕಲ್ಪಪೂರ್ವಾ೦ಗ />
  <ವ್ಯಾಹೃತಿ />
  <ಗಾಯತ್ರೀಮ೦ತ್ರ />
  <ಓಮಾಪೋ />
  <ವಿಷಯ
    ಮಾಹಿತಿ="ಮಮ ಉಪಾತ್ತ ಸಮಸ್ತ ದುರಿತಕ್ಷಯದ್ವಾರಾ ಶ್ರೀ ಪರಮೇಶ್ವರ ಪ್ರೀತ್ಯರ್ಥ೦ ಪ್ರಾತಃ ಸ೦ಧ್ಯಾ೦ ಉಪಾಸ್ಯೇ ॥"
    ವಿನ್ಯಾಸ="ವಿನಿಯೋಗ"
  />
</View>
`;
