// Jest Snapshot v1, https://goo.gl/fbAQLP

exports[`ಶುದ್ಧೋದಕಸ್ನಾನ 1`] = `
<ಆವರಣ>
  <ಶೀರ್ಷಿಕೆ>
    ಶುದ್ಧೋದಕಸ್ನಾನ
  </ಶೀರ್ಷಿಕೆ>
  <ವಿನಿಯೋಗ>
    ಯತ್ಪುರು॑ಷೇಣ ಹ॒ವಿಷಾ᳚ ।  ದೇ॒ವಾ ಯ॒ಜ್ಞಮತ॑ನ್ವತ । ವ॒ಸ॒ಂತೋ ಅ॑ಸ್ಯಾಸೀ॒ದಾಜ್ಯಮ್᳚ । ಗ್ರೀ॒ಷ್ಮ ಇ॒ಧ್ಮಶ್ಶ॒ರದ್ಧ॒ವಿಃ ॥
  </ವಿನಿಯೋಗ>
  <ಪೂರ್ವಾ೦ಗ>
    ಶ್ರೀ ಇಷ್ಟ ದೇವತಾಭ್ಯೋ ನಮಃ । ಶುದ್ಧೋದಕಸ್ನಾನ೦ ಸಮರ್ಪಯಾಮಿ । ಸ್ನಾನಾ೦ಗ೦ ಆಚಮನೀಯ೦ ಆಚಮನೀಯ೦ ಸಮರ್ಪಯಾಮಿ ॥
  </ಪೂರ್ವಾ೦ಗ>
</ಆವರಣ>
`;
