// Jest Snapshot v1, https://goo.gl/fbAQLP

exports[`Diksoochi 1`] = `
<Navigation
  backButtonTintColor="#ffffff"
  navBarStyle={
    Object {
      "backgroundColor": "#595959",
    }
  }
>
  <Card
    component="Parividi"
    exact={true}
    path="/"
    renderTitle={[Function]}
  />
  <Card
    component="ಪ್ರಾತಸ್ಸ೦ಧ್ಯಾ"
    path="/ಪ್ರಾತಸ್ಸ೦ಧ್ಯಾ"
    renderTitle={[Function]}
  />
  <Card
    component="Shreekara"
    path="/ಪ್ರಾತಸ್ಸಮಿಧಾದಾನ"
    renderTitle={[Function]}
  />
  <Card
    component="Shreekara"
    path="/ಮಾಧ್ಯಾಹ್ನಿಕಸ೦ಧ್ಯಾ"
    renderTitle={[Function]}
  />
  <Card
    component="Shreekara"
    path="/ಸಾಯ೦ಸ೦ಧ್ಯಾ"
    renderTitle={[Function]}
  />
  <Card
    component="Shreekara"
    path="/ಸಾಯ೦ಸಮಿಧಾದಾನ"
    renderTitle={[Function]}
  />
  <Card
    component="Shreekara"
    path="/ಯಜ್ಞೋಪವೀತ"
    renderTitle={[Function]}
  />
  <Card
    component="Shreekara"
    path="/ಉಪನಯನಕಾರಿಕ"
    renderTitle={[Function]}
  />
</Navigation>
`;
