// Jest Snapshot v1, https://goo.gl/fbAQLP

exports[`Diksoochi 1`] = `
<Navigation
  navBarStyle={
    Object {
      "backgroundColor": "#595959",
    }
  }
>
  <Card
    component="Parividi"
    path="/"
    renderTitle="ಋಗ್ವೇದ ಸ೦ಧ್ಯಾವ೦ದನ"
  />
  <Card
    component="Shreekara"
    path="/ಪ್ರಾತಸ್ಸ೦ಧ್ಯಾ"
    renderTitle="ಪ್ರಾತಸ್ಸ೦ಧ್ಯಾ"
  />
  <Card
    component="Shreekara"
    path="/ಪ್ರಾತಸ್ಸಮಿಧಾದಾನ"
    renderTitle="ಪ್ರಾತಸ್ಸಮಿಧಾದಾನ"
  />
  <Card
    component="Shreekara"
    path="/ಮಾಧ್ಯಾಹ್ನಿಕಸ೦ಧ್ಯಾ"
    renderTitle="ಮಾಧ್ಯಾಹ್ನಿಕಸ೦ಧ್ಯಾ"
  />
  <Card
    component="Shreekara"
    path="/ಸಾಯ೦ಸ೦ಧ್ಯಾ"
    renderTitle="ಸಾಯ೦ಸ೦ಧ್ಯಾ"
  />
  <Card
    component="Shreekara"
    path="/ಸಾಯ೦ಸಮಿಧಾದಾನ"
    renderTitle="ಸಾಯ೦ಸಮಿಧಾದಾನ"
  />
  <Card
    component="Shreekara"
    path="/ಯಜ್ಞೋಪವೀತ"
    renderTitle="ಯಜ್ಞೋಪವೀತ"
  />
  <Card
    component="Shreekara"
    path="/ಉಪನಯನಕಾರಿಕ"
    renderTitle="ಉಪನಯನಕಾರಿಕ"
  />
</Navigation>
`;
