// Jest Snapshot v1, https://goo.gl/fbAQLP

exports[`Shershike Render 1`] = `
<View
  style={
    Object {
      "alignItems": "center",
      "flex": 1,
      "flexDirection": "row",
      "padding": 4,
    }
  }
>
  <Text
    accessible={true}
    allowFontScaling={true}
    ellipsizeMode="tail"
    style={
      Object {
        "color": "#ffffff",
        "fontFamily": "Ganapati",
        "fontSize": 18,
        "marginLeft": 70,
      }
    }
  >
    TestTitle
  </Text>
</View>
`;
