// Jest Snapshot v1, https://goo.gl/fbAQLP

exports[`Shershike Vinyasa 1`] = `
<div>
  Object {
    "avarana": Object {
      "alignItems": "center",
      "flex": 1,
      "flexDirection": "row",
      "padding": 4,
    },
    "pathya": Object {
      "color": "#ffffff",
      "fontFamily": "ganapati",
      "fontSize": 18,
      "marginLeft": 70,
    },
  }
</div>
`;
