// Jest Snapshot v1, https://goo.gl/fbAQLP

exports[`ಪ್ರಾರ್ಥನ 1`] = `
<ಆವರಣ>
  <ಶೀರ್ಷಿಕೆ>
    ಪ್ರಾರ್ಥನ
  </ಶೀರ್ಷಿಕೆ>
  <ವಿನಿಯೋಗ>
    ಋಣರೋಗಾದಿ ದಾರಿದ್ರ್ಯ ಪಾಪಕ್ಷುದಪಮೃತ್ಯವಃ । ಭಯಶೋಕಮನಸ್ತಾಪಾಃ ನಶ್ಯ೦ತು ಮಮ ಸರ್ವದಾ ॥
  </ವಿನಿಯೋಗ>
  <ಪೂರ್ವಾ೦ಗ>
    ಶ್ರೀ ಇಷ್ಟ ದೇವತಾಭ್ಯೋ ನಮಃ । ಮನೋರಥಾನ್ ಪ್ರಾರ್ಥಯಾಮಿ ॥
  </ಪೂರ್ವಾ೦ಗ>
</ಆವರಣ>
`;
