// Jest Snapshot v1, https://goo.gl/fbAQLP

exports[`ಆಸನ 1`] = `
<ಆವರಣ>
  <ಶೀರ್ಷಿಕೆ>
    ಆಸನ
  </ಶೀರ್ಷಿಕೆ>
  <ವಿನಿಯೋಗ>
    ಪುರು॑ಷ ಏ॒ವೇದꣳ ಸರ್ವಮ್᳚ । ಯದ್ಭೂ॒ತಂ ಯಚ್ಚ॒ ಭವ್ಯಮ್᳚ । ಉ॒ತಾಮೃ॑ತ॒ತ್ವಸ್ಯೇಶಾ॑ನಃ । ಯದನ್ನೇ॑ನಾತಿ॒ರೋಹ॑ತಿ ।
  </ವಿನಿಯೋಗ>
  <ಪೂರ್ವಾ೦ಗ>
    ಶ್ರೀ ಇಷ್ಟ ದೇವತಾಭ್ಯೋ ನಮಃ । ಆಸನ೦ ಕಲ್ಪಯಾಮಿ ॥
  </ಪೂರ್ವಾ೦ಗ>
</ಆವರಣ>
`;
