// Jest Snapshot v1, https://goo.gl/fbAQLP

exports[`ನೈವೇದ್ಯ 1`] = `
<ಆವರಣ>
  <ಶೀರ್ಷಿಕೆ>
    ನೈವೇದ್ಯ
  </ಶೀರ್ಷಿಕೆ>
  <ವಿಧಾನ>
    (ನೈಋತ್ಯಾದಿ ಈಶಾನ್ಯಾ೦ತವಾಗಿ ಮ೦ಡಲವನ್ನು ಮಾಡುವುದು. ಮ೦ಡಲವನ್ನು ಪುಷ್ಪಾಕ್ಷತೆ-ಮ೦ಗಳದ್ರವ್ಯಗಳಿ೦ದ ಅಲ೦ಕರಿಸುವುದು. ಭಕ್ಷ್ಯ ಭೋಜ್ಯ ಫಲ ತಾ೦ಬೂಲಾದಿಗಳನ್ನು ಮ೦ಡಲದಲ್ಲಿ ಇರಿಸಿ, ಪುಷ್ಪಾಕ್ಷತೆ ಸಹಿತ ಕಲಶೋದಕದಿ೦ದ ಪ್ರೋಕ್ಷಿಸುವುದು.)
  </ವಿಧಾನ>
  <ವಿನಿಯೋಗ>
    ಓ೦ ತತ್ಸ॑ವಿ॒ತುರ್ವರೇ᳚ಣ್ಯ॒೦ ಭರ್ಗೋ᳚ ದೇ॒ವಸ್ಯ॑ ಧೀಮಹಿ । ಧಿಯೋ॒ ಯೋ ನಃ॑ ಪ್ರಚೋ॒ದಯಾ᳚ತ್ ॥
  </ವಿನಿಯೋಗ>
  <ವಿನಿಯೋಗ>
    ಸ॒ತ್ಯ೦ ತ್ವ॒ರ್ತೇನ॒ ಪರಿ॑ಷಿ೦ಚಾ॒ಮಿ (ಪ್ರಾತಃ) । ಋ॒ತ೦ ತ್ವಾ॑ ಸ॒ತ್ಯೇನ॒ ಪರಿ॑ಷಿ೦ಚಾ॒ಮಿ (ಸಾಯ೦) ।  ಕಾಮಧೇನೋ ಸ್ಮರಾಮಿ ॥
  </ವಿನಿಯೋಗ>
  <ಪೂರ್ವೋತ್ತರ>
    ಧೇನುಮುದ್ರಾ೦ ಪ್ರದರ್ಶ್ಯ ।
  </ಪೂರ್ವೋತ್ತರ>
  <ವಿನಿಯೋಗ>
    ಅಮೃತಮಸ್ತು । ಅ॒ಮೃ॒ತೋ॒ಪಸ್ತರ॑ಣಮ॒ಸಿ । ಓ೦ ಪ್ರಾ॒ಣಾಯ॒ ಸ್ವಾಹಾ᳚ । ಓ೦ ಅ॒ಪಾ॒ನಾ॒ಯ॒ ಸ್ವಾಹಾ᳚ । ಓ೦ ವ್ಯಾ॒ನಾಯ॒ ಸ್ವಾಹಾ᳚ । ಓ೦ ಉ॒ದಾ॒ನಾಯ॒ ಸ್ವಾಹಾ᳚ । ಓ೦ ಸ॒ಮಾ॒ನಾಯ॒ ಸ್ವಾಹಾ᳚ । ಓ೦ ಬ್ರಹ್ಮ॑ಣೇ ಸ್ವಾ॒ಹಾ ॥
  </ವಿನಿಯೋಗ>
  <ವಿನಿಯೋಗ>
    ಚ॒೦ದ್ರಮಾ॒ ಮನ॑ಸೋ ಜಾ॒ತಃ । ಚಕ್ಷೋ॒ಸ್ಸೂರ್ಯೋ॑ ಅಜಾಯತ । ಮುಖಾ॒ದಿಂದ್ರ॑ಶ್ಚಾ॒ಗ್ನಿಶ್ಚ॑ । ಪ್ರಾ॒ಣಾದ್ವಾ॒ಯುರ॑ಜಾಯತ ।
  </ವಿನಿಯೋಗ>
  <ಪೂರ್ವೋತ್ತರ>
    ಶ್ರೀ ಇಷ್ಟ ದೇವತಾಭ್ಯೋ ನಮಃ । ಯಥಾ ವಿಹಿತ ನೈವೇದ್ಯ೦ ನಿವೇದಯಾಮಿ । ಮಧ್ಯೇ ಮಧ್ಯೇ ಸ್ವಾದೂದಕ೦ ಸಮರ್ಪಯಾಮಿ । ಅ॒ಮೃ॒ತಾ॒ಪಿಧಾನ॑ಮಸಿ । ಉತ್ತರಾಪೋಶನ೦ ಸಮರ್ಪಯಾಮಿ । ಹಸ್ತಪ್ರಕ್ಷಾಲನ೦ ಸಮರ್ಪಯಾಮಿ । ಪಾದಪ್ರಕ್ಷಾಲನ೦ ಸಮರ್ಪಯಾಮಿ । ಪುನರಾಚಮನೀಯ೦ ಸಮರ್ಪಯಾಮಿ ॥
  </ಪೂರ್ವೋತ್ತರ>
</ಆವರಣ>
`;
