// Jest Snapshot v1, https://goo.gl/fbAQLP

exports[`ಭೂತೋತ್ಸರಣ 1`] = `
<ಆವರಣ>
  <ಶೀರ್ಷಿಕೆ>
    ಭೂತೋತ್ಸರಣ
  </ಶೀರ್ಷಿಕೆ>
  <ವಿನಿಯೋಗ>
    ಅಪಸರ್ಪಂತು ತೇ ಭೂತಾ ಯೇ ಭೂತಾ ಭೂಮಿಸಂಸ್ಥಿತಾಃ । ಯೇ ಭೂತಾ ವಿಘ್ನಕರ್ತಾರಃ ತೇ ನಶ್ಶ್ಯಂತು ಶಿವಾಜ್ಞಯಾ ॥
  </ವಿನಿಯೋಗ>
  <ವಿನಿಯೋಗ>
    ಅಪಕ್ರಾಮ೦ತು ಭೂತಾದ್ಯಾಸ್ಸರ್ವೇತೇ ಭೂಮಿ ಭಾರಕಾಃ । ಸರ್ವೇಷಾಮವಿರೋಧೇನ ಪೂಜಾಕರ್ಮ ಸಮಾರಭೇ ॥
  </ವಿನಿಯೋಗ>
</ಆವರಣ>
`;
