// Jest Snapshot v1, https://goo.gl/fbAQLP

exports[`ಅರ್ಘ್ಯ 1`] = `
<ಆವರಣ>
  <ಶೀರ್ಷಿಕೆ>
    ಅರ್ಘ್ಯ
  </ಶೀರ್ಷಿಕೆ>
  <ವಿನಿಯೋಗ>
    ತ್ರಿ॒ಪಾದೂ॒ರ್ಧ್ವ ಉದೈ॒ತ್ಪುರು॑ಷಃ । ಪಾದೋ᳚ಽಸ್ಯೇ॒ಹಾಭ॑ವಾ॒ತ್ಪುನಃ॑ । ತತೋ॒ ವಿಷ್ವಙ್-ವ್ಯ॑ಕ್ರಾಮತ್ । ಸಾ॒ಶ॒ನಾ॒ನ॒ಶ॒ನೇ ಅ॒ಭಿ ।
  </ವಿನಿಯೋಗ>
  <ಪೂರ್ವಾ೦ಗ>
    ಶ್ರೀ ಇಷ್ಟ ದೇವತಾಭ್ಯೋ ನಮಃ । ಹಸ್ತೇಷು ಅರ್ಘ್ಯಮರ್ಘ್ಯ೦ ಸಮರ್ಪಯಾಮಿ ॥
  </ಪೂರ್ವಾ೦ಗ>
  <ವಿಧಾನ>
    (ಎರಡು ಉದ್ಧರಣೆ ಕಲಶೋದಕವನ್ನು ವಿಸರ್ಜಿಸುವುದು.)
  </ವಿಧಾನ>
</ಆವರಣ>
`;
