// Jest Snapshot v1, https://goo.gl/fbAQLP

exports[`ಶುಕ್ಲಾ೦ಬರಧರ೦ 1`] = `
<Text
  accessible={true}
  allowFontScaling={true}
  disabled={false}
  ellipsizeMode="tail"
  style={
    Object {
      "color": "#ffffff",
      "fontFamily": "Ganapati",
      "fontSize": 18,
      "lineHeight": 50,
      "marginLeft": 12,
      "textAlign": "justify",
    }
  }
>
  ಶುಕ್ಲಾ೦ಬರಧರ೦ ವಿಷ್ಣು೦ ಶಶಿ ವರ್ಣ೦ ಚತುರ್ಭುಜ೦ | ಪ್ರಸನ್ನ ವದನ೦ ಧ್ಯಾಯೇತ್ ಸರ್ವ ವಿಘ್ನೋಪ ಶಾ೦ತಯೇ ||
</Text>
`;
