// Jest Snapshot v1, https://goo.gl/fbAQLP

exports[`ಪುನರ್ರಘ್ಯ 1`] = `
<ಆವರಣ>
  <ಶೀರ್ಷಿಕೆ>
    ಪುನರ್ರಘ್ಯ
  </ಶೀರ್ಷಿಕೆ>
  <ವಿನಿಯೋಗ>
    ಓ೦ ತತ್ಸ॑ವಿ॒ತುರ್ವರೇ᳚ಣ್ಯ॒೦ ಭರ್ಗೋ᳚ ದೇ॒ವಸ್ಯ॑ ಧೀಮಹಿ । ಧಿಯೋ॒ ಯೋ ನಃ॑ ಪ್ರಚೋ॒ದಯಾ᳚ತ್ ॥
  </ವಿನಿಯೋಗ>
  <ಪೂರ್ವಾ೦ಗ>
    ಶ್ರೀ ಇಷ್ಟ ದೇವತಾಭ್ಯೋ ನಮಃ ।  ಪ್ರಸನ್ನಾರ್ಘ್ಯ೦ ಸಮರ್ಪಯಾಮಿ ॥
  </ಪೂರ್ವಾ೦ಗ>
</ಆವರಣ>
`;
