// Jest Snapshot v1, https://goo.gl/fbAQLP

exports[`ಹ೦ಸಶ್ಶುಚಿಷತ್ 1`] = `
<View>
  <ಪೂರ್ವಾ೦ಗ>
    ಹ೦ಸಃ ಶುಚಿಷತ್ ಇತಿ, ಏಕಸ್ಯ ಋಚೋ, ಗೌತಮ ಪುತ್ರೋ ವಾಮದೇವ ಋಷಿಃ, ಸೂರ್ಯೋ ದೇವತಾ ಜಗತೀಛ೦ದಃ ಅರ್ಘ್ಯ ಪ್ರದಾನೇ ವಿನಿಯೋಗಃ ।
  </ಪೂರ್ವಾ೦ಗ>
  <ವಿಷಯ
    ವಿನ್ಯಾಸ="ವಿನಿಯೋಗ"
  >
    ಓ೦ ಹ॒೦ಸಃ ಶು॑ಚಿ॒ಷದ್ವಸು॑ರ೦ತರಿಕ್ಷ॒ ಸದ್ಧೋತಾ᳚ವೇದಿ॒ಷದತಿ॑ಥಿರ್ದುರೋಣ॒ಸತ್ । ನೃ॒ಷದ್ವ॑ರ॒ಸದೃ॑ತ॒ಸದ್ವ್ಯೋ᳚ಮ॒ಸದ॒ಬ್ಜಾ ಗೋ॒ಜಾ ಋ॑ತ॒ಜಾ ಅ॑ದ್ರಿ॒ಜಾ ಋ॒ತಮ್ ।
  </ವಿಷಯ>
</View>
`;
