// Jest Snapshot v1, https://goo.gl/fbAQLP

exports[`ಮಾಧ್ಯಾಹ್ನಿಕಅರ್ಘ್ಯ 1`] = `
<View>
  <ಶೀರ್ಷಿಕೆ>
    ಅರ್ಘ್ಯ ಪ್ರದಾನ
  </ಶೀರ್ಷಿಕೆ>
  <ಶೀರ್ಷಿಕೆ>
    (ಪೂರ್ವಾಭಿಮುಖವಾಗಿ ನಿ೦ತು)
  </ಶೀರ್ಷಿಕೆ>
  <ಹ೦ಸಶ್ಶುಚಿಷತ್ />
  <ಓಮಾಪೋ />
  <ಆಕೃಷ್ಣೇನ />
  <ಓಮಾಪೋ />
  <ಕಾಲಾತೀತಅರ್ಘ್ಯ />
  <ವಿನಿಯೋಗ>
    ಓ೦ ಪ್ರಾ॒ತರ್ದೇ॒ವೀಮದಿ॑ತಿ೦ ಜೋಹವೀಮಿ ಮ॒ಧ್ಯ೦ದಿ॑ನ॒ ಉದಿ॑ತಾ॒ ಸೂರ್ಯ॑ಸ್ಯ । ರಾ॒ಯೇ ಮಿ॑ತ್ರಾವರುಣಾ ಸ॒ರ್ವತಾ॒ತೇಳೇ᳚ ತೋ॒ಕಾಯ॒ ತನ॑ಯಾಯ॒ ಶ೦ಯೋಃ।ಅಸಾವಾದಿತ್ಯೋ ಬ್ರಹ್ಮ ।
  </ವಿನಿಯೋಗ>
</View>
`;
