// Jest Snapshot v1, https://goo.gl/fbAQLP

exports[`ಸಾಯಮರ್ಘ್ಯ 1`] = `
<View>
  <ವಿಷಯ
    ವಿನ್ಯಾಸ="ಶೀರ್ಷಿಕೆ"
  >
    ಅರ್ಘ್ಯ ಪ್ರದಾನ
  </ವಿಷಯ>
  <ವಿಷಯ
    ವಿನ್ಯಾಸ="ಶೀರ್ಷಿಕೆ"
  >
    (ಪಶ್ಚಿಮಾಭಿಮುಖವಾಗಿ ನಿ೦ತು)
  </ವಿಷಯ>
  <ವಿಷಯ
    ವಿನ್ಯಾಸ="ಪೂರ್ವಾ೦ಗ"
  >
    ತತ್ಸವಿತುರ್ವಿಶ್ವಾಮಿತ್ರಸ್ಸವಿತಾಗಾಯತ್ರೀ
  </ವಿಷಯ>
  <ತ್ರಿಹೃತಿ>
    <ಗಾಯತ್ರೀಮ೦ತ್ರ />
    <ಓಮಾಪೋ />
  </ತ್ರಿಹೃತಿ>
  <ವಿನಿಯೋಗ>
    (೩ ಬಾರಿ)
  </ವಿನಿಯೋಗ>
  <ಕಾಲಾತೀತಅರ್ಘ್ಯ />
  <ವಿನಿಯೋಗ>
    ಓ೦ ಉದ್ಘೇದ॒ಭಿ ಶ್ರು॒ತಾಮ॑ಘ೦ ವೃಷ॒ಭ೦ ನರ್ಯಾ᳚ಪಸಮ್ । ಅಸ್ತಾ᳚ರಮೇಷಿ ಸೂರ್ಯ ॥ ಸೂರ್ಯ ಅಹ೦ ಸೂರ್ಯಃ ।ಅಸಾವಾದಿತ್ಯೋ ಬ್ರಹ್ಮ ॥
  </ವಿನಿಯೋಗ>
</View>
`;
