// Jest Snapshot v1, https://goo.gl/fbAQLP

exports[`ಯಜ್ಞೋಪವೀತಧಾರಣ 1`] = `
<View>
  <ಶೀರ್ಷಿಕೆ>
    ಧಾರಣ
  </ಶೀರ್ಷಿಕೆ>
  <ಪೂರ್ವಾ೦ಗ>
    ಯಜ್ಞೋಪವೀತಮಿತ್ಯಸ್ಯ ಪರಬ್ರಹ್ಮಾ ಪರಮಾತ್ಮಾ ತ್ರಿಷ್ಟುಪ್,ಯಜ್ಞೋಪವೀತ ಧಾರಣೇ ವಿನಿಯೋಗಃ ॥
  </ಪೂರ್ವಾ೦ಗ>
  <ವಿಷಯ
    ವಿನ್ಯಾಸ="ವಿನಿಯೋಗ"
  >
    ಯ॒ಜ್ಞೋ॒ಪ॒ವೀ॒ತ೦ ಪ॒ರಮ᳚೦ ಪವಿ॒ತ್ರ೦ ಪ್ರ॒ಜಾಪ॑ತೇರ್ಯತ್ಸ॒ಹಜ᳚೦ ಪು॒ರಸ್ತಾ᳚ತ್ । ಆಯು॑ಷ್ಯಮಗ್ರಿ॒ಯ॒೦ ಪ್ರ॒ತಿಮು॑೦ಚ ಶು॑ಭ್ರ೦ ಯ॑ಜ್ಞೋಪವೀ॒ತ೦ ಬ॒ಲಮ॑ಸ್ತು॒ ತೇಜಃ॑ ॥
  </ವಿಷಯ>
</View>
`;
