// Jest Snapshot v1, https://goo.gl/fbAQLP

exports[`ಪುರುಷಸೂಕ್ತಶೋಢಷೋಪಚಾರ 1`] = `
<ಪುರುಷಸೂಕ್ತಶೋಢಷೋಪಚಾರಲೇಖನ>
  <ಪುಟ>
    <ಆಚಮನೀಯಸೂಚನೆ />
    <ಆಚಮನೀಯ />
  </ಪುಟ>
  <ಪುಟ>
    <ದೇವಪೂಜಾಆಸನಸೂಚನೆ />
    <ಆದಿಪ್ರಾರ್ಥನೆ />
  </ಪುಟ>
  <ಪುಟ>
    <ಘ೦ಟಾನಾದ />
  </ಪುಟ>
  <ಪುಟ>
    <ಭೂತೋತ್ಸರಣ />
    <ಆಸನವಿಧಿ />
  </ಪುಟ>
  <ಪುಟ>
    <ಸ೦ಕಲ್ಪ />
  </ಪುಟ>
  <ಪುಟ>
    <ಕಲಶಾರ್ಚನೆ />
  </ಪುಟ>
  <ಪುಟ>
    <ಶ೦ಖಪೂಜಾ />
  </ಪುಟ>
  <ಪುಟ>
    <ಮಹಾಗಣಪತಿಪ್ರಾರ್ಥನೆ />
  </ಪುಟ>
  <ಪುಟ>
    <ಧ್ಯಾನಾವಾಹನ />
  </ಪುಟ>
  <ಪುಟ>
    <ಆಸನ />
  </ಪುಟ>
  <ಪುಟ>
    <ಪಾದ್ಯ />
  </ಪುಟ>
  <ಪುಟ>
    <ಉಪಚಾರಆಚಮನೀಯ />
  </ಪುಟ>
  <ಪುಟ>
    <ಮಧುಪರ್ಕ />
  </ಪುಟ>
  <ಪುಟ>
    <ಶುದ್ಧೋದಕಸ್ನಾನ />
  </ಪುಟ>
  <ಪುಟ>
    <ವಸ್ತ್ರಯುಗ್ಮ />
  </ಪುಟ>
  <ಪುಟ>
    <ಉಪವೀತ />
  </ಪುಟ>
  <ಪುಟ>
    <ಗ೦ಧ />
  </ಪುಟ>
  <ಪುಟ>
    <ಆಕ್ಷತೆ />
  </ಪುಟ>
  <ಪುಟ>
    <ಪುಷ್ಪ />
  </ಪುಟ>
  <ಪುಟ>
    <ಧೂಪ />
  </ಪುಟ>
  <ಪುಟ>
    <ದೀಪ />
  </ಪುಟ>
  <ಪುಟ>
    <ನೈವೇದ್ಯ />
  </ಪುಟ>
</ಪುರುಷಸೂಕ್ತಶೋಢಷೋಪಚಾರಲೇಖನ>
`;
