// Jest Snapshot v1, https://goo.gl/fbAQLP

exports[`ಆಸನವಿಧಿ 1`] = `
<ಆವರಣ>
  <ಶೀರ್ಷಿಕೆ>
    ಆಸನವಿಧಿ
  </ಶೀರ್ಷಿಕೆ>
  <ಪೂರ್ವೋತ್ತರ>
    ಪೃಥಿವ್ಯಾ೦ ಮೇರು ಪೃಷ್ಠ ಋಷಿಃ । ಸುತಲಂ ಛಂದಃ । ಆದಿ ಕೂರ್ಮೋ ದೇವತಾ । ಆಸನೇ ವಿನಿಯೋಗಃ ॥
  </ಪೂರ್ವೋತ್ತರ>
  <ವಿನಿಯೋಗ>
    ಪೃಥ್ವಿ ತ್ವಯಾ ಧೃತಾ ಲೋಕಾ ದೇವಿ ತ್ವಂ ವಿಷ್ಣುನಾ ಧೃತಾ । ತ್ವಂ ಚ ಧಾರಯ ಮಾಂ ದೇವಿ ಪವಿತ್ರಂ ಕುರುಚಾಸನಂ ॥
  </ವಿನಿಯೋಗ>
  <ವಿಧಾನ>
    (ಶುಧ್ದಾಸನದಲ್ಲಿ ಕುಳಿತುಕೊಳ್ಳುವುದು)
  </ವಿಧಾನ>
</ಆವರಣ>
`;
