// Jest Snapshot v1, https://goo.gl/fbAQLP

exports[`ಉಪವೀತ 1`] = `
<ಆವರಣ>
  <ಶೀರ್ಷಿಕೆ>
    ಉಪವೀತ
  </ಶೀರ್ಷಿಕೆ>
  <ವಿನಿಯೋಗ>
    ತಂ ಯ॒ಜ್ಞಂ ಬ॒ರ್ಹಿಷಿ॒ ಪ್ರೌಕ್ಷನ್॑ । ಪುರು॑ಷಂಜಾ॒ತಮ॑ಗ್ರ॒ತಃ । ತೇನ॑ ದೇ॒ವಾ ಅಯ॑ಜಂತ । ಸಾ॒ಧ್ಯಾ ಋಷ॑ಯಶ್ಚ॒ಯೇ ।
  </ವಿನಿಯೋಗ>
  <ಪೂರ್ವಾ೦ಗ>
    ಶ್ರೀ ಇಷ್ಟ ದೇವತಾಭ್ಯೋ ನಮಃ । ಉಪವೀತ೦ ಸಮರ್ಪಯಾಮಿ ॥
  </ಪೂರ್ವಾ೦ಗ>
</ಆವರಣ>
`;
