// Jest Snapshot v1, https://goo.gl/fbAQLP

exports[`ಧೂಪ 1`] = `
<ಆವರಣ>
  <ಶೀರ್ಷಿಕೆ>
    ಧೂಪ
  </ಶೀರ್ಷಿಕೆ>
  <ವಿನಿಯೋಗ>
    ಯತ್ಪುರು॑ಷಂ॒ ವ್ಯ॑ದಧುಃ । ಕ॒ತಿ॒ಧಾ ವ್ಯ॑ಕಲ್ಪಯನ್ । ಮುಖಂ॒ ಕಿಮ॑ಸ್ಯ॒ ಕೌ ಬಾ॒ಹೂ । ಕಾವೂ॒ರೂ ಪಾದಾ॑ವುಚ್ಯೇತೇ ।
  </ವಿನಿಯೋಗ>
  <ಪೂರ್ವಾ೦ಗ>
    ಶ್ರೀ ಇಷ್ಟ ದೇವತಾಭ್ಯೋ ನಮಃ । ಧೂಪಮಾಘ್ರಾಪಯಾಮಿ ॥
  </ಪೂರ್ವಾ೦ಗ>
</ಆವರಣ>
`;
