// Jest Snapshot v1, https://goo.gl/fbAQLP

exports[`ಮಾಧ್ಯಾಹ್ನಿಕೌಪಸ್ಥಾನ 1`] = `
<View>
  <ವಿಷಯ
    ವಿನ್ಯಾಸ="ಶೀರ್ಷಿಕೆ"
  >
    ಉಪಸ್ಥಾನ
  </ವಿಷಯ>
  <ವಿಷಯ
    ವಿನ್ಯಾಸ="ಶೀರ್ಷಿಕೆ"
  >
    (ಪೂರ್ವಾಭಿಮುಖವಾಗಿ ನಿ೦ತು)
  </ವಿಷಯ>
  <ಉದುತ್ಯ೦ />
  <ಚಿತ್ರ೦ದೇವಾನಾ೦ />
  <ತಚ್ಚಕ್ಷುಃ />
  <ನಮೋಬ್ರಹ್ಮಣೇ />
  <ಪ್ರವರ />
  <ಆಸತ್ಯಲೋಕಾತ್ />
</View>
`;
