// Jest Snapshot v1, https://goo.gl/fbAQLP

exports[`ನಮೋಬ್ರಹ್ಮಣೇ 1`] = `
<View>
  <ವಿಷಯ
    ವಿನ್ಯಾಸ="ಪೂರ್ವಾ೦ಗ"
  >
    ನಮೋ ಬ್ರಹ್ಮಣೇ ಪ್ರಜಾಪತಿರ್ವಿಶ್ವೇದೇವಾ ಜಗತಿ ಉಪಸ್ಥಾನೇ ವಿನಿಯೋಗಃ ।
  </ವಿಷಯ>
  <ವಿಷಯ
    ವಿನ್ಯಾಸ="ವಿನಿಯೋಗ"
  >
    ಓ೦ ನಮೋ॒ ಬ್ರ॒ಹ್ಮಣೇ॒ ನಮೋ᳚ ಅಸ್ತ್ವ॒ಗ್ನಯೇ॒ ನಮಃ॑ ಪೃಥಿ॒ವ್ಯೈ ನಮ॒ ಓಷ॑ಧೀಭ್ಯಃ । ನಮೋ᳚ ವಾ॒ಚೇ ನಮೋ᳚ ವಾ॒ಚಸ್ಪ॑ತಯೇ॒ ನಮೋ॒ ವಿಷ್ಣ॑ವೇ ಮಹ॒ತೇ ಕ॑ರೋಮೀ ॥
  </ವಿಷಯ>
</View>
`;
