// Jest Snapshot v1, https://goo.gl/fbAQLP

exports[`ಸಾಯಮುಪಸ್ಥಾನ 1`] = `
<View>
  <ವಿಷಯ
    ವಿನ್ಯಾಸ="ಶೀರ್ಷಿಕೆ"
  >
    ಉಪಸ್ಥಾನ
  </ವಿಷಯ>
  <ವಿಷಯ
    ವಿನ್ಯಾಸ="ಶೀರ್ಷಿಕೆ"
  >
    (ಪಶ್ಚಿಮಾಭಿಮುಖವಾಗಿ ನಿ೦ತು)
  </ವಿಷಯ>
  <ಜಾತವೇದಸೇ />
  <ತಚ್ಛ೦ಯೋ />
  <ನಮೋಬ್ರಹ್ಮಣೇ />
  <ವಿನಿಯೋಗ>
    (ಮೂರು ಬಾರಿ)
  </ವಿನಿಯೋಗ>
  <ಸಾಯ೦ದಿಶಾನಮಸ್ಕಾರ />
  <ದೇವತಾನಮಸ್ಕಾರ />
  <ನಿರ್ಗಮನ />
  <ನಮೋಬ್ರಹ್ಮಣೇ />
  <ಪ್ರವರ />
  <ಆಸತ್ಯಲೋಕಾತ್ />
</View>
`;
