// Jest Snapshot v1, https://goo.gl/fbAQLP

exports[`ವಸ್ತ್ರಯುಗ್ಮ 1`] = `
<ಆವರಣ>
  <ಶೀರ್ಷಿಕೆ>
    ವಸ್ತ್ರಯುಗ್ಮ
  </ಶೀರ್ಷಿಕೆ>
  <ವಿನಿಯೋಗ>
    ಸ॒ಪ್ತಾಸ್ಯಾ॑ಸನ್ಪರಿ॒ಧಯಃ॑ । ತ್ರಿಸ್ಸ॒ಪ್ತ  ಸ॒ಮಿಧಃ॑ ಕೃ॒ತಾಃ । ದೇ॒ವಾ ಯದ್ಯ॒ಜ್ಞಂ ತ॑ನ್ವಾ॒ನಾಃ ।  ಅಬ॑ಧ್ನ॒ನ್ ಪುರು॑ಷ೦ ಪ॒ಶುಮ್ ।
  </ವಿನಿಯೋಗ>
  <ಪೂರ್ವಾ೦ಗ>
    ಶ್ರೀ ಇಷ್ಟ ದೇವತಾಭ್ಯೋ ನಮಃ । ವಸ್ತ್ರಯುಗ್ಮ೦ ಸಮರ್ಪಯಾಮಿ ॥
  </ಪೂರ್ವಾ೦ಗ>
</ಆವರಣ>
`;
