// Jest Snapshot v1, https://goo.gl/fbAQLP

exports[`Ghatta Vinyasa 1`] = `
<div>
  Object {
    "ghattaShershike": Object {
      "color": "#3bdde5",
      "fontFamily": "Ganapati",
      "fontSize": 19,
      "lineHeight": 50,
      "marginLeft": 12,
      "textAlign": "justify",
    },
    "purvanga": Object {
      "color": "#6695e2",
      "fontFamily": "Ganapati",
      "fontSize": 18,
      "lineHeight": 50,
      "marginLeft": 12,
      "textAlign": "justify",
    },
    "viniyoga": Object {
      "color": "#ffffff",
      "fontFamily": "Ganapati",
      "fontSize": 18,
      "lineHeight": 50,
      "marginLeft": 12,
      "textAlign": "justify",
    },
  }
</div>
`;
