// Jest Snapshot v1, https://goo.gl/fbAQLP

exports[`ದೀಪ 1`] = `
<ಆವರಣ>
  <ಶೀರ್ಷಿಕೆ>
    ದೀಪ
  </ಶೀರ್ಷಿಕೆ>
  <ವಿನಿಯೋಗ>
    ಬ್ರಾ॒ಹ್ಮ॒ಣೋ᳚ಽಸ್ಯ॒ ಮುಖ॑ಮಾಸೀತ್ । ಬಾ॒ಹೂ ರಾ॑ಜ॒ನ್ಯಃ॑ ಕೃ॒ತಃ । ಊ॒ರೂ ತದ॑ಸ್ಯ॒ ಯದ್ವೈಶ್ಯಃ॑ । ಪ॒ದ್ಭ್ಯಾꣳ ಶೂ॒ದ್ರೋ ಅ॑ಜಾಯತ ।
  </ವಿನಿಯೋಗ>
  <ಪೂರ್ವಾ೦ಗ>
    ಶ್ರೀ ಇಷ್ಟ ದೇವತಾಭ್ಯೋ ನಮಃ । ದೀಪ೦ ದರ್ಶಯಾಮಿ ॥
  </ಪೂರ್ವಾ೦ಗ>
</ಆವರಣ>
`;
