// Jest Snapshot v1, https://goo.gl/fbAQLP

exports[`ಪುನಃಪೂಜಾ 1`] = `
<ಆವರಣ>
  <ಶೀರ್ಷಿಕೆ>
    ಪುನಃಪೂಜಾ
  </ಶೀರ್ಷಿಕೆ>
  <ಪೂರ್ವಾ೦ಗ>
    ಅಥ ಪುನಃಪೂಜಾ೦ ಕರಷ್ಯೇ ।
  </ಪೂರ್ವಾ೦ಗ>
  <ವಿನಿಯೋಗ>
    ಛತ್ರಂ ಧಾರಯಾಮಿ । ಚಾಮರಂ ವೀಜಯಾಮಿ । ಗೀತಂ ಶ್ರಾವಯಾಮಿ । ನಾಟ್ಯ೦ ದರ್ಶಯಾಮಿ । ವಾದ್ಯ೦ ಶ್ರಾವಯಾಮಿ । ಅಶ್ವಮಾರೋಪಯಾಮಿ । ಗಜಮಾರೋಪಯಾಮಿ । ಆಂದೋಲಿಕಾಮಾರೋಪಯಾಮಿ । ಸಮಸ್ತ ರಾಜೋಪಚಾರ ದೇವೋಪಚಾರ ಪೂಜಾಃ ಸಮರ್ಪಯಾಮಿ ॥
  </ವಿನಿಯೋಗ>
</ಆವರಣ>
`;
