// Jest Snapshot v1, https://goo.gl/fbAQLP

exports[`ಪುಟಸ೦ಖ್ಯಾದರ್ಶಕ 1`] = `
<View
  style={
    Object {
      "alignItems": "center",
      "backgroundColor": "#595959",
      "bottom": 0,
      "height": 30,
    }
  }
>
  <Text
    accessible={true}
    allowFontScaling={true}
    disabled={false}
    ellipsizeMode="tail"
    style={
      Object {
        "color": "#ffffff",
        "fontSize": 16,
      }
    }
  >
    <Text
      accessible={true}
      allowFontScaling={true}
      disabled={false}
      ellipsizeMode="tail"
    >
      4
    </Text>
    /
    20
  </Text>
</View>
`;
