// Jest Snapshot v1, https://goo.gl/fbAQLP

exports[`ಪ್ರಾತಸ್ಸ೦ಧ್ಯಾ 1`] = `
<View
  style={
    Array [
      Object {
        "alignSelf": "flex-start",
        "borderColor": "red",
        "borderWidth": 1,
      },
      Object {
        "alignItems": "center",
        "backgroundColor": "#333333",
        "flex": 1,
        "flexDirection": "column",
        "padding": 3,
      },
    ]
  }
>
  <ಪುಟ>
    <ಆಸನಸೂಚನೆ />
    <ಆಚಮನೀಯ />
  </ಪುಟ>
  <ಪುಟ>
    <ಪ್ರೋಕ್ಷಣ />
    <ಆಚಮನೀಯ />
  </ಪುಟ>
  <ಪುಟ>
    <ಪ್ರಾತಃಸ೦ಧ್ಯಾಸ೦ಕಲ್ಪ />
  </ಪುಟ>
  <ಪುಟ>
    <ಪ್ರಾತಃಮಾರ್ಜನೆ />
  </ಪುಟ>
  <ಪುಟ>
    <ಆಚಮನೀಯ />
  </ಪುಟ>
  <ಪುಟ>
    <ದ್ವಿತೀಯಮಾರ್ಜನೆ />
    <ವಿಸರ್ಜನೆ />
  </ಪುಟ>
</View>
`;
