// Jest Snapshot v1, https://goo.gl/fbAQLP

exports[`ಪ್ರಾತಸ್ಸ೦ಧ್ಯಾ 1`] = `
<View
  style={
    Array [
      Object {
        "alignSelf": "flex-start",
        "borderColor": "red",
        "borderWidth": 1,
      },
      Object {
        "alignItems": "center",
        "backgroundColor": "#333333",
        "flex": 1,
        "flexDirection": "column",
        "padding": 3,
      },
    ]
  }
>
  <View>
    <RCTScrollView>
      <View>
        <ಆಸನಸೂಚನೆ />
        <ಆಚಮನೀಯ />
      </View>
    </RCTScrollView>
  </View>
  <View>
    <RCTScrollView>
      <View>
        <ಪ್ರೋಕ್ಷಣ />
        <ಪ್ರಾತಃಸ೦ಧ್ಯಾಸ೦ಕಲ್ಪ />
      </View>
    </RCTScrollView>
  </View>
  <View>
    <RCTScrollView>
      <View>
        <ಆಚಮನೀಯ />
      </View>
    </RCTScrollView>
  </View>
  <View>
    <RCTScrollView>
      <View>
        <ಪ್ರಾತಃಮಾರ್ಜನೆ />
      </View>
    </RCTScrollView>
  </View>
</View>
`;
