// Jest Snapshot v1, https://goo.gl/fbAQLP

exports[`ಗ೦ಧ 1`] = `
<ಆವರಣ>
  <ಶೀರ್ಷಿಕೆ>
    ಉಪವೀತ
  </ಶೀರ್ಷಿಕೆ>
  <ವಿನಿಯೋಗ>
    ತಸ್ಮಾ᳚ದ್ಯ॒ಜ್ಞಾಥ್ಸ॑ರ್ವ॒ಹುತಃ॑ । ಸಂಭೃ॑ತಂ ಪೃಷದಾ॒ಜ್ಯಮ್ । ಪ॒ಶೂಗ್-ಸ್ತಾಗ್-ಶ್ಚ॑ಕ್ರೇ ವಾಯ॒ವ್ಯಾನ್॑ । ಆ॒ರ॒ಣ್ಯಾನ್ಗ್ರಾ॒ಮ್ಯಾಶ್ಚ॒ ಯೇ ।
  </ವಿನಿಯೋಗ>
  <ಪೂರ್ವಾ೦ಗ>
    ಶ್ರೀ ಇಷ್ಟ ದೇವತಾಭ್ಯೋ ನಮಃ । ದಿವ್ಯಪರಿಮಳಗ೦ಧ೦ ಸಮರ್ಪಯಾಮಿ ॥
  </ಪೂರ್ವಾ೦ಗ>
</ಆವರಣ>
`;
