// Jest Snapshot v1, https://goo.gl/fbAQLP

exports[`ಜಪ 1`] = `
<View>
  <ವಿಷಯ
    ವಿನ್ಯಾಸ="ಶೀರ್ಷಿಕೆ"
  >
    ಜಪ
  </ವಿಷಯ>
  <ತ್ರಿಹೃತಿ>
    <ಗಾಯತ್ರೀಮ೦ತ್ರ />
  </ತ್ರಿಹೃತಿ>
  <ವಿಷಯ
    ವಿನ್ಯಾಸ="ವಿನಿಯೋಗ"
  >
    (ಯಥಾಶಕ್ತಿ)
  </ವಿಷಯ>
  <ವಿಷಯ
    ವಿನ್ಯಾಸ="ವಿನಿಯೋಗ"
  >
    ತತ್ಸಬ್ರಹ್ಮಾರ್ಪಣಮಸ್ತು
  </ವಿಷಯ>
</View>
`;
