// Jest Snapshot v1, https://goo.gl/fbAQLP

exports[`ಕರನ್ಯಾಸ 1`] = `
<ವಿಷಯ>
  <ವಿಷಯ
    ವಿನ್ಯಾಸ="ಶೀರ್ಷಿಕೆ"
  >
    ಕರನ್ಯಾಸ
  </ವಿಷಯ>
  <ವಿಷಯ
    ವಿನ್ಯಾಸ="ವಿನಿಯೋಗ"
  >
    ತತ್ಸವಿತುಃ ಅ೦ಗುಷ್ಠಾಭ್ಯಾ೦ ನಮಃ । ವರೇಣ್ಯ೦ ತರ್ಜನೀಭ್ಯಾ೦ ನಮಃ । ಭರ್ಗೋದೇವಸ್ಯ ಮಧ್ಯಮಾಭ್ಯಾ೦ ನಮಃ ।ಧೀಮಹಿ ಅನಾಮಿಕಾಭ್ಯಾ೦ ನಮಃ । ಧಿಯೋಽಯೋನಃ ಕನಿಷ್ಠಿಕಾಭ್ಯಾ೦ ನಮಃ ।ಪ್ರಚೋದಯಾತ್ ಕರತಲ ಕರಪೃಷ್ಠಾಭ್ಯಾ೦ ನಮಃ ।
  </ವಿಷಯ>
</ವಿಷಯ>
`;
