// Jest Snapshot v1, https://goo.gl/fbAQLP

exports[`ಪ್ರಾತಃಗಾಯತ್ರೀ 1`] = `
<View>
  <ವಿಷಯ
    ವಿನ್ಯಾಸ="ಶೀರ್ಷಿಕೆ"
  >
    ಗಾಯತ್ರೀ ಜಪ
  </ವಿಷಯ>
  <ತ್ರಿಹೃತಿ />
  <ತ್ರಿಹೃತಿ />
  <ಆವಾಹನ />
  <ಪ್ರಾತಃಜಪಸ೦ಕಲ್ಪ />
  <ಕರನ್ಯಾಸ />
  <ಅ೦ಗನ್ಯಾಸ />
  <ದಿಗ್ಬ೦ಧನ />
  <ಪ್ರಾತಃಸ್ವರೂಪ />
  <ಮ೦ತ್ರಾರ್ಥ />
  <ತ್ರಿಹೃತಿ>
    <ಗಾಯತ್ರೀಮ೦ತ್ರ />
  </ತ್ರಿಹೃತಿ>
  <ವಿಷಯ
    ವಿನ್ಯಾಸ="ವಿನಿಯೋಗ"
  >
    ತತ್ಸಬ್ರಹ್ಮಾರ್ಪಣಮಸ್ತು
  </ವಿಷಯ>
  <ಕರನ್ಯಾಸ />
  <ಅ೦ಗನ್ಯಾಸ />
  <ದಿಗ್ವಿಮೋಕ />
  <ಮುಕ್ತಾಯ />
</View>
`;
