// Jest Snapshot v1, https://goo.gl/fbAQLP

exports[`ಪ್ರೋಕ್ಷಣ 1`] = `
<View>
  <Text
    accessible={true}
    allowFontScaling={true}
    disabled={false}
    ellipsizeMode="tail"
    style={
      Object {
        "color": "#3bdde5",
        "fontFamily": "Ganapati",
        "fontSize": 19,
        "lineHeight": 50,
        "marginLeft": 12,
        "textAlign": "justify",
      }
    }
  >
    ಪ್ರೋಕ್ಷಣ
  </Text>
  <Text
    accessible={true}
    allowFontScaling={true}
    disabled={false}
    ellipsizeMode="tail"
    style={
      Object {
        "color": "#ffffff",
        "fontFamily": "Ganapati",
        "fontSize": 18,
        "lineHeight": 50,
        "marginLeft": 12,
        "textAlign": "justify",
      }
    }
  >
    ಅಪವಿತ್ರಃ ಪವಿತ್ರೋವಾ ಸರ್ವಾವಸ್ಥಾ೦ ಗತೋಽಪಿವಾ । ಯಸ್ಸ್ಮರೇತ್ ಪು೦ಡರೀಕಾಕ್ಷ೦ ಸಬಾಹ್ಯಾಭ್ಯ೦ತರಶ್ಶುಚಿಃ ।
  </Text>
</View>
`;
