// Jest Snapshot v1, https://goo.gl/fbAQLP

exports[`ParividiShershike Render 1`] = `
<View
  style={
    Object {
      "alignItems": "center",
      "backgroundColor": "#C1C1C1",
      "flex": 1,
      "flexDirection": "row",
      "padding": 8,
    }
  }
>
  <Text
    accessible={true}
    allowFontScaling={true}
    disabled={false}
    ellipsizeMode="tail"
    style={
      Object {
        "fontFamily": "ganapati",
        "fontSize": 16,
        "marginLeft": 12,
      }
    }
  >
    ಋಗ್ವೇದ ಸ೦ಧ್ಯಾವ೦ದನ
  </Text>
</View>
`;
