// Jest Snapshot v1, https://goo.gl/fbAQLP

exports[`Parividi Mahiti 1`] = `
<div>
  Object {
    "chitra": "./chitra/sandhya.png",
    "paschat": "ಪ್ರಾತಸ್ಸ೦ಧ್ಯಾ",
    "shershike": "ಪ್ರಾತಸ್ಸ೦ಧ್ಯಾ",
  }
  Object {
    "chitra": "./chitra/agnikarya.png",
    "paschat": "ಪ್ರಾತಸ್ಸಮಿಧಾದಾನ",
    "shershike": "ಪ್ರಾತಸ್ಸಮಿಧಾದಾನ",
  }
  Object {
    "chitra": "./chitra/sandhya.png",
    "paschat": "ಮಾಧ್ಯಾಹ್ನಿಕಸ೦ಧ್ಯಾ",
    "shershike": "ಮಾಧ್ಯಾಹ್ನಿಕಸ೦ಧ್ಯಾ",
  }
  Object {
    "chitra": "./chitra/sandhya.png",
    "paschat": "ಸಾಯ೦ಸ೦ಧ್ಯಾ",
    "shershike": "ಸಾಯ೦ಸ೦ಧ್ಯಾ",
  }
  Object {
    "chitra": "./chitra/agnikarya.png",
    "paschat": "ಸಾಯ೦ಸಮಿಧಾದಾನ",
    "shershike": "ಸಾಯ೦ಸಮಿಧಾದಾನ",
  }
  Object {
    "chitra": "./chitra/upadesha.png",
    "paschat": "Shreekara",
    "shershike": "ಯಜ್ಞೋಪವೀತ",
  }
  Object {
    "chitra": "./chitra/upadesha.png",
    "paschat": "ಉಪನಯನಕಾರಿಕಾ",
    "shershike": "ಉಪನಯನಕಾರಿಕ",
  }
</div>
`;
