// Jest Snapshot v1, https://goo.gl/fbAQLP

exports[`Parividi 1`] = `
<RCTScrollView
  dataSource={
    ListViewDataSource {
      "items": 2,
    }
  }
  renderHeader={[Function]}
  renderRow={[Function]}
  renderScrollComponent={[Function]}
  renderSeparator={[Function]}
  style={
    Object {
      "flex": 1,
      "marginTop": 20,
    }
  }
>
  <View>
    <Text
      accessible={true}
      allowFontScaling={true}
      disabled={false}
      ellipsizeMode="tail"
    />
    <div>
      Adhyaya 
      MockTitle1 SomePicture1
    </div>
    <div>
      Adhyaya 
      MockTitle2 SomePicture2
    </div>
  </View>
</RCTScrollView>
`;
