// Jest Snapshot v1, https://goo.gl/fbAQLP

exports[`Parividi 1`] = `
<RCTScrollView
  dataSource={
    ListViewDataSource {
      "items": 2,
    }
  }
  renderRow={[Function]}
  renderScrollComponent={[Function]}
  renderSeparator={[Function]}
  style={
    Object {
      "backgroundColor": "#333333",
      "flex": 3,
    }
  }
>
  <View>
    <div>
      Adhyaya 
      MockTitle1 SomePicture1
    </div>
    <div>
      Adhyaya 
      MockTitle2 SomePicture2
    </div>
  </View>
</RCTScrollView>
`;
