// Jest Snapshot v1, https://goo.gl/fbAQLP

exports[`ಲೇಖನ 1`] = `
<View
  style={
    Array [
      Object {
        "alignSelf": "flex-start",
        "borderColor": "red",
        "borderWidth": 1,
      },
      Object {
        "alignItems": "center",
        "backgroundColor": "#333333",
        "flex": 1,
        "flexDirection": "column",
        "padding": 3,
      },
    ]
  }
/>
`;
