// Jest Snapshot v1, https://goo.gl/fbAQLP

exports[`Adhyaya 1`] = `
<TouchableHighlight
  activeOpacity={0.85}
  onPress={[Function]}
  underlayColor="black"
>
  <View
    style={
      Object {
        "alignItems": "center",
        "flex": 1,
        "flexDirection": "row",
        "padding": 16,
      }
    }
  >
    <Image
      source={
        Object {
          "uri": "largepic",
        }
      }
      style={
        Object {
          "borderRadius": 20,
          "height": 40,
          "width": 40,
        }
      }
    />
    <Text
      accessible={true}
      allowFontScaling={true}
      disabled={false}
      ellipsizeMode="tail"
      style={
        Object {
          "color": "#ffffff",
          "fontFamily": "Ganapati",
          "fontSize": 17,
          "marginLeft": 25,
        }
      }
    >
      last
    </Text>
  </View>
</TouchableHighlight>
`;
