// Jest Snapshot v1, https://goo.gl/fbAQLP

exports[`Adhyaya Vinyasa 1`] = `
<div>
  Object {
    "avarana": Object {
      "alignItems": "center",
      "flex": 1,
      "flexDirection": "row",
      "padding": 16,
    },
    "chitra": Object {
      "borderRadius": 20,
      "height": 40,
      "width": 40,
    },
    "pathya": Object {
      "color": "#ffffff",
      "fontFamily": "ganapati",
      "fontSize": 17,
      "marginLeft": 25,
    },
  }
</div>
`;
