// Jest Snapshot v1, https://goo.gl/fbAQLP

exports[`ಪುಷ್ಪ 1`] = `
<ಆವರಣ>
  <ಶೀರ್ಷಿಕೆ>
    ಪುಷ್ಪ
  </ಶೀರ್ಷಿಕೆ>
  <ವಿನಿಯೋಗ>
    ತಸ್ಮಾ॒ದಶ್ವಾ॑ ಅಜಾಯಂತ । ಯೇ ಕೇ ಚೋ॑ಭ॒ಯಾದ॑ತಃ । ಗಾವೋ॑ ಹ ಜಜ್ಞಿರೇ॒ ತಸ್ಮಾ᳚ತ್ । ತಸ್ಮಾ᳚ಜ್ಜಾ॒ತಾ ಅ॑ಜಾ॒ವಯಃ॑ ।
  </ವಿನಿಯೋಗ>
  <ಪೂರ್ವಾ೦ಗ>
    ಶ್ರೀ ಇಷ್ಟ ದೇವತಾಭ್ಯೋ ನಮಃ । ಪುಷ್ಪಾಣಿ/ಪುಷ್ಪಮಾಲಿಕಾ೦ ಸಮರ್ಪಯಾಮಿ ॥
  </ಪೂರ್ವಾ೦ಗ>
</ಆವರಣ>
`;
