// Jest Snapshot v1, https://goo.gl/fbAQLP

exports[`ಪ್ರಾತಸ್ಸಮಿಧಾದಾನ 1`] = `
<ಲೇಖನ>
  <ಪುಟ>
    <ವಿಷಯ
      ವಿನ್ಯಾಸ="ಶೀರ್ಷಿಕೆ"
    >
      (ಅಗ್ನಿಯನ್ನು ಪೂರ್ವ/ಉತ್ತರ ಅಭಿಮುಖವಾಗಿ ಇರಿಸಿಕೊ೦ಡು, ಅಗ್ನಿಗೆ ಅಭಿಮುಖವಾಗಿ ಕುಳಿತುಕೊಳ್ಳುವುದು)
    </ವಿಷಯ>
    <ಆಚಮನೀಯ />
  </ಪುಟ>
  <ಪುಟ>
    <ಪ್ರಾತಸ್ಸಮಿಧಾದಾನಸ೦ಕಲ್ಪ />
  </ಪುಟ>
  <ಪುಟ>
    <ಅಗ್ನಿಮೂರ್ತಿಧ್ಯಾನ />
  </ಪುಟ>
  <ಪುಟ>
    <ಸಮಿಧಾದಾನ />
  </ಪುಟ>
  <ಪುಟ>
    <ಅಗ್ನ್ಯುಪಸ್ಥಾನ />
  </ಪುಟ>
  <ಪುಟ>
    <ರಕ್ಷಾಧಾರಣ />
  </ಪುಟ>
  <ಪುಟ>
    <ಅಗ್ನಿಃಪ್ರಾರ್ಥನೆ />
  </ಪುಟ>
  <ಪುಟ>
    <ಆಚಮನೀಯ />
  </ಪುಟ>
  <ಪುಟ>
    <ಅಪರಾಧಕ್ಷಮಾಪಣ />
  </ಪುಟ>
</ಲೇಖನ>
`;
